#-----------------------------------------------------------
# Vivado v2025.2 (64-bit)
# SW Build 6299465 on Fri Nov 14 19:35:11 GMT 2025
# IP Build 6300035 on Fri Nov 14 10:48:45 MST 2025
# SharedData Build 6298862 on Thu Nov 13 04:50:51 MST 2025
# Start of session at: Sat Aug  1 19:10:53 2026
# Process ID         : 12904
# Current directory  : E:/Projects/SystemVerilog/8bitComputer/8bitComputer.runs/synth_1
# Command line       : vivado.exe -log computer.vds -product Vivado -mode batch -messageDb vivado.pb -notrace -source computer.tcl
# Log file           : E:/Projects/SystemVerilog/8bitComputer/8bitComputer.runs/synth_1/computer.vds
# Journal file       : E:/Projects/SystemVerilog/8bitComputer/8bitComputer.runs/synth_1\vivado.jou
# Running On         : DESKTOP-4TSCPRG
# Platform           : Windows Server 2016 or Windows 10
# Operating System   : 26100
# Processor Detail   : 12th Gen Intel(R) Core(TM) i7-12650H
# CPU Frequency      : 2688 MHz
# CPU Physical cores : 10
# CPU Logical cores  : 16
# Host memory        : 34049 MB
# Swap memory        : 2147 MB
# Total Virtual      : 36197 MB
# Available Virtual  : 12335 MB
#-----------------------------------------------------------
source computer.tcl -notrace
