Time resolution is 1 ps
[BUS ACTIVITY at                    0]: Hex: 8'h00
[OUTPUT REGISTER CHANGED]:   0 (Hex: 8'h00)
[TB] Starting Manual Flash Programming...
[TB] Programming Complete.
[TB] Execution started. Processing math loop...
[CONTROL UNIT at               720000]: Opcode = 4'b0000 (Hex: 4'h0) | uPC Step = 1 | Signals = 1101111101111111 (HLT=1, OUT_EN=1, ALU_EN=1)
[CONTROL UNIT at               720000]: Opcode = 4'b0000 (Hex: 4'h0) | uPC Step = 1 | Signals = 1110110111111011 (HLT=1, OUT_EN=1, ALU_EN=1)
[BUS ACTIVITY at               720000]: Hex: 8'h1c
[CONTROL UNIT at               730000]: Opcode = 4'b0001 (Hex: 4'h1) | uPC Step = 1 | Signals = 1110110111111011 (HLT=1, OUT_EN=1, ALU_EN=1)
[CONTROL UNIT at               740000]: Opcode = 4'b0001 (Hex: 4'h1) | uPC Step = 2 | Signals = 1110110111111011 (HLT=1, OUT_EN=1, ALU_EN=1)
[CONTROL UNIT at               740000]: Opcode = 4'b0001 (Hex: 4'h1) | uPC Step = 2 | Signals = 1101111111111101 (HLT=1, OUT_EN=1, ALU_EN=1)
[BUS ACTIVITY at               740000]: Hex: 8'h0c
[CONTROL UNIT at               760000]: Opcode = 4'b0001 (Hex: 4'h1) | uPC Step = 3 | Signals = 1101111111111101 (HLT=1, OUT_EN=1, ALU_EN=1)
[CONTROL UNIT at               760000]: Opcode = 4'b0001 (Hex: 4'h1) | uPC Step = 3 | Signals = 1011111111111011 (HLT=1, OUT_EN=1, ALU_EN=1)
[BUS ACTIVITY at               760000]: Hex: 8'h00
[CONTROL UNIT at               780000]: Opcode = 4'b0001 (Hex: 4'h1) | uPC Step = 4 | Signals = 1011111111111011 (HLT=1, OUT_EN=1, ALU_EN=1)
[CONTROL UNIT at               780000]: Opcode = 4'b0001 (Hex: 4'h1) | uPC Step = 4 | Signals = 1111111111111111 (HLT=1, OUT_EN=1, ALU_EN=1)
[CONTROL UNIT at               800000]: Opcode = 4'b0001 (Hex: 4'h1) | uPC Step = 5 | Signals = 1111111111111111 (HLT=1, OUT_EN=1, ALU_EN=1)
[CONTROL UNIT at               820000]: Opcode = 4'b0001 (Hex: 4'h1) | uPC Step = 6 | Signals = 1111111111111111 (HLT=1, OUT_EN=1, ALU_EN=1)
[CONTROL UNIT at               840000]: Opcode = 4'b0001 (Hex: 4'h1) | uPC Step = 7 | Signals = 1111111111111111 (HLT=1, OUT_EN=1, ALU_EN=1)
[CONTROL UNIT at               860000]: Opcode = 4'b0001 (Hex: 4'h1) | uPC Step = 0 | Signals = 1111111111111111 (HLT=1, OUT_EN=1, ALU_EN=1)
[CONTROL UNIT at               860000]: Opcode = 4'b0001 (Hex: 4'h1) | uPC Step = 0 | Signals = 1101111101111111 (HLT=1, OUT_EN=1, ALU_EN=1)
[BUS ACTIVITY at               860000]: Hex: 8'h01
[CONTROL UNIT at               880000]: Opcode = 4'b0001 (Hex: 4'h1) | uPC Step = 1 | Signals = 1101111101111111 (HLT=1, OUT_EN=1, ALU_EN=1)
[CONTROL UNIT at               880000]: Opcode = 4'b0001 (Hex: 4'h1) | uPC Step = 1 | Signals = 1110110111111011 (HLT=1, OUT_EN=1, ALU_EN=1)
[BUS ACTIVITY at               880000]: Hex: 8'h2e
[CONTROL UNIT at               890000]: Opcode = 4'b0010 (Hex: 4'h2) | uPC Step = 1 | Signals = 1110110111111011 (HLT=1, OUT_EN=1, ALU_EN=1)
[TB] Simulation window complete. Final checking output value:   0
$finish called at time : 900 ns : File "E:/Projects/SystemVerilog/8bitComputer/8bitComputer.srcs/sim_1/new/computer_tb.sv" Line 137
